 ChaiOS

 Timestamp is 545fb6db (Sun Nov 09 18:47:55 2014)

 Preferred load address is c0000000

 Start         Length     Name                   Class
 0001:00000000 00000030H .code$0                 CODE
 0001:00000030 00000013H .text                   CODE
 0001:00000050 00000443H .text$mn                CODE
 0002:00000000 00000004H .CRT$XCA                DATA
 0002:00000004 00000004H .CRT$XCZ                DATA
 0002:00000008 00000004H .CRT$XIA                DATA
 0002:0000000c 00000004H .CRT$XIZ                DATA
 0002:00000010 00000079H .rdata                  DATA
 0002:0000008c 00000080H .rdata$debug            DATA
 0003:00000000 0000001eH .data                   DATA
 0003:00000020 00000060H .bss                    DATA
 0004:00000000 00000122H .edata                  DATA

  Address         Publics by Value              Rva+Base       Lib:Object

 0000:00000000       ___guard_fids_table        00000000     <absolute>
 0000:00000000       ___safe_se_handler_count   00000000     <absolute>
 0000:00000000       ___safe_se_handler_table   00000000     <absolute>
 0000:00000000       ___guard_flags             00000000     <absolute>
 0000:00000000       ___guard_fids_count        00000000     <absolute>
 0001:00000000       ?mbstruct@@3U_MULTIBOOT_STRUCT@@A c0000400     entry.obj
 0001:00000030       _setStack                  c0000430     stack.obj
 0001:00000039       _getStack                  c0000439     stack.obj
 0001:0000003c       _getBase                   c000043c     stack.obj
 0001:0000003f       _storeMBinfo               c000043f     stack.obj
 0001:00000050       ?basic_physical_to_virtual_copy@@YAXPAX0I@Z c0000450 f   basicphyscopy.obj
 0001:00000140       ?basic_paging_setup@@YAXXZ c0000540 f   basicpagingx86.obj
 0001:00000230       ?basic_paging_create_mapping@@YAPAXPAX@Z c0000630 f   basicpagingx86.obj
 0001:00000270       ?basic_segmentaion_setup@@YAXXZ c0000670 f   basicsegmentationx86.obj
 0001:00000280       ??3CPMemMngr@@SAXPAX@Z     c0000680 f i pmmngr.obj
 0001:00000290       ??0CPMemMngr@@QAE@XZ       c0000690 f i pmmngr.obj
 0001:000002a0       ??0CPMemMngr@@QAE@ABV0@@Z  c00006a0 f i pmmngr.obj
 0001:000002b0       ??4CPMemMngr@@QAEAAV0@ABV0@@Z c00006b0 f i pmmngr.obj
 0001:000002c0       ?destroy@CPMemMngr@@UAGXXZ c00006c0 f   pmmngr.obj
 0001:000002d0       _DefaultPMemMngrFactory    c00006d0 f   pmmngr.obj
 0001:000002e0       ?displayWelcome@@YAXXZ     c00006e0 f   entry.obj
 0001:00000320       _entry                     c0000720 f   entry.obj
 0001:000003f0       ?CallConstructors@@YA_NXZ  c00007f0 f   msvc.obj
 0001:00000450       ??2@YAPAXI@Z               c0000850 f   msvc.obj
 0001:00000460       ??_U@YAPAXI@Z              c0000860 f   msvc.obj
 0001:00000470       ??3@YAXPAX@Z               c0000870 f   msvc.obj
 0001:00000480       ??_V@YAXPAX@Z              c0000880 f   msvc.obj
 0001:00000490       __purecall                 c0000890 f   msvc.obj
 0002:00000000       ?__xc_a@@3PAP6AXXZA        c0000a00     msvc.obj
 0002:00000004       ?__xc_z@@3PAP6AXXZA        c0000a04     msvc.obj
 0002:00000008       ?__xi_a@@3PAP6AHXZA        c0000a08     msvc.obj
 0002:0000000c       ?__xi_z@@3PAP6AHXZA        c0000a0c     msvc.obj
 0002:00000048       ??_7CPMemMngr@@6B@         c0000a48     pmmngr.obj
 0002:00000050       ??_C@_0DJ@KJLFBID@ChaiOS?50?405?5Loaded?4?5Copyright?5?$CIC@ c0000a50     entry.obj
 0003:00000000       ?gdt@@3PA_KA               c0000c00     basicsegmentationx86.obj
 0003:00000018       ?thegdt@@3Ugdtdesc@@A      c0000c18     basicsegmentationx86.obj
 0003:00000020       ?mbinfo@@3U_MULTIBOOT_INFO@@A c0000c20     entry.obj
 0003:0000007c       ?multiboot@@3PAU_MULTIBOOT_INFO@@A c0000c7c     entry.obj

 entry point at        0001:00000320

 Static symbols

 0001:00000380       ?_initterm_e@@YAHPAP6AHXZ0@Z c0000780 f   * CIL library *:* CIL module *
 0001:000003c0       ?_initterm@@YAXPAP6AXXZ0@Z c00007c0 f   * CIL library *:* CIL module *
 0004:00000000       .edata                     c0000e00     ChaiOS.exp
 0004:00000028       rgpv                       c0000e28     ChaiOS.exp
 0004:00000044       rgszName                   c0000e44     ChaiOS.exp
 0004:00000060       rgwOrd                     c0000e60     ChaiOS.exp
 0004:0000006e       szName                     c0000e6e     ChaiOS.exp
 0004:00000079       $N00001                    c0000e79     ChaiOS.exp
 0004:00000093       $N00002                    c0000e93     ChaiOS.exp
 0004:000000a8       $N00003                    c0000ea8     ChaiOS.exp
 0004:000000bf       $N00004                    c0000ebf     ChaiOS.exp
 0004:000000dd       $N00005                    c0000edd     ChaiOS.exp
 0004:000000f0       $N00006                    c0000ef0     ChaiOS.exp
 0004:0000010b       $N00007                    c0000f0b     ChaiOS.exp

 Exports

  ordinal    name

        1    ??0CPMemMngr@@QAE@ABV0@@Z (public: __thiscall CPMemMngr::CPMemMngr(class CPMemMngr const &))
        2    ??0CPMemMngr@@QAE@XZ (public: __thiscall CPMemMngr::CPMemMngr(void))
        3    ??3CPMemMngr@@SAXPAX@Z (public: static void __cdecl CPMemMngr::operator delete(void *))
        4    ??4CPMemMngr@@QAEAAV0@ABV0@@Z (public: class CPMemMngr & __thiscall CPMemMngr::operator=(class CPMemMngr const &))
        5    ??_7CPMemMngr@@6B@ (const CPMemMngr::`vftable')
        6    ?destroy@CPMemMngr@@UAGXXZ (public: virtual void __stdcall CPMemMngr::destroy(void))
        7    _DefaultPMemMngrFactory
               exported name: DefaultPMemMngrFactory
