 ChaiOS

 Timestamp is 545f70c3 (Sun Nov 09 13:48:51 2014)

 Preferred load address is c0000000

 Start         Length     Name                   Class
 0001:00000000 00000030H .code$0                 CODE
 0001:00000030 00000013H .text                   CODE
 0001:00000050 000002bdH .text$mn                CODE
 0002:00000000 00000079H .rdata                  DATA
 0002:0000007c 00000080H .rdata$debug            DATA
 0003:00000000 0000001eH .data                   DATA
 0003:00000020 00000060H .bss                    DATA

  Address         Publics by Value              Rva+Base       Lib:Object

 0000:00000000       ___safe_se_handler_table   00000000     <absolute>
 0000:00000000       ___guard_fids_table        00000000     <absolute>
 0000:00000000       ___safe_se_handler_count   00000000     <absolute>
 0000:00000000       ___guard_flags             00000000     <absolute>
 0000:00000000       ___guard_fids_count        00000000     <absolute>
 0001:00000000       ?mbstruct@@3U_MULTIBOOT_STRUCT@@A c0000400     entry.obj
 0001:00000030       _setStack                  c0000430     stack.obj
 0001:00000039       _getStack                  c0000439     stack.obj
 0001:0000003c       _getBase                   c000043c     stack.obj
 0001:0000003f       _storeMBinfo               c000043f     stack.obj
 0001:00000050       ?basic_physical_to_virtual_copy@@YAXPAX0I@Z c0000450 f   basicphyscopy.obj
 0001:00000140       ?basic_paging_setup@@YAXXZ c0000540 f   basicpagingx86.obj
 0001:00000230       ?basic_paging_create_mapping@@YAPAXPAX@Z c0000630 f   basicpagingx86.obj
 0001:00000270       ?basic_segmentaion_setup@@YAXXZ c0000670 f   basicsegmentationx86.obj
 0001:00000280       ?displayWelcome@@YAXXZ     c0000680 f   entry.obj
 0001:000002c0       _entry                     c00006c0 f   entry.obj
 0002:00000040       ??_C@_0DJ@KJLFBID@ChaiOS?50?405?5Loaded?4?5Copyright?5?$CIC@ c0000840     entry.obj
 0003:00000000       ?gdt@@3PA_KA               c0000a00     basicsegmentationx86.obj
 0003:00000018       ?thegdt@@3Ugdtdesc@@A      c0000a18     basicsegmentationx86.obj
 0003:00000020       ?mbinfo@@3U_MULTIBOOT_INFO@@A c0000a20     entry.obj
 0003:0000007c       ?multiboot@@3PAU_MULTIBOOT_INFO@@A c0000a7c     entry.obj

 entry point at        0001:000002c0

 Static symbols

